// Jest Snapshot v1, https://goo.gl/fbAQLP

exports[`<Place /> renders correctly 1`] = `
<section
  className="place"
>
  Park
</section>
`;
