// Jest Snapshot v1, https://goo.gl/fbAQLP

exports[`<App /> renders correctly 1`] = `
<div>
  <header
    className="header"
  >
    <h2>
      Stuff I Like
    </h2>
  </header>
  <Place
    name="Nomadic Community Gardens"
  />
  <footer>
    <button
      onClick={[Function]}
    >
      Next Place
    </button>
  </footer>
</div>
`;
